// Jest Snapshot v1, https://goo.gl/fbAQLP

exports[`Home renders a snapshot properly 1`] = `
<main
  className="container"
>
  <header>
    <nav>
      <a
        className="logo"
        href="/"
        onClick={[Function]}
      >
        <h1>
          Maths Magiciacian
        </h1>
      </a>
      <ul>
        <li>
          <a
            href="/"
            onClick={[Function]}
          >
            Home
          </a>
        </li>
        <li>
          <a
            href="/calculator"
            onClick={[Function]}
          >
            Calculator
          </a>
        </li>
        <li>
          <a
            href="/quotes"
            onClick={[Function]}
          >
            Quotes
          </a>
        </li>
      </ul>
    </nav>
  </header>
  <div
    className="page-layout"
  >
    <h1>
      Welcome to Our page!
    </h1>
    <p>
      Lorem ipsum dolor sit amet, consectetur adipiscing elit. Nam hendrerit nisi sed sollicitudin pellentesque. Nunc posuere purus rhoncus pulvinar aliquam. Ut aliquet tristique nisl vitae volutpat. Nulla aliquet porttitor venenatis. Donec a dui et dui fringilla consectetur id nec massa. Aliquam erat volutpat. Sed ut dui ut lacus dictum fermentum vel tincidunt neque. Sed sed lacinia lectus. Duis sit amet sodales felis. Duis nunc eros, mattis at dui ac, convallis semper risus. In adipiscing ultrices tellus, in susc ipit massa vehicula eu.”
    </p>
    <p>
      Lorem ipsum dolor sit amet, consectetur adipiscing elit. Nam hendrerit nisi sed sollicitudin pellentesque. Nunc posuere purus rhoncus pulvinar aliquam. Ut aliquet tristique nisl vitae volutpat. Nulla aliquet porttitor venenatis. Donec a dui et dui fringilla consectetu r id nec massa. Aliquam erat volutpat. Sed ut dui ut lacus dictum fermentum vel tincidunt neque. Sed sed lacinia lectus. Duis sit amet sodales felis. Duis nunc ero s, mattis at dui ac, convallis semper risus. In adipiscing ultrices tellus, in suscipit massa vehicula eu.”
    </p>
  </div>
</main>
`;
